===== ruff-fix =====
All checks passed!
EXIT_CODE=0

===== ruff-format =====
1 file reformatted, 23 files left unchanged
EXIT_CODE=0

===== ruff-check =====
All checks passed!
EXIT_CODE=0

===== ruff-format-check =====
24 files already formatted
EXIT_CODE=0

===== pytest =====
................F.                                                       [100%]
=================================== FAILURES ===================================
_____________________ test_dashboard_and_api_are_available _____________________

tmp_path = PosixPath('/tmp/pytest-of-runner/pytest-0/test_dashboard_and_api_are_ava0')

    def test_dashboard_and_api_are_available(tmp_path: Path) -> None:
        app = create_app(db_path=str(tmp_path / "web.db"), autostart=False)
        with TestClient(app) as client:
            root = client.get("/")
            overview = client.get("/api/overview")
            exchanges = client.get("/api/exchanges")
    
            assert root.status_code == 200
>           assert "ARB OPS" in root.text
E           assert 'ARB OPS' in '<!doctype html>\n<html lang="ja">\n<head>\n  <meta charset="utf-8">\n  <meta name="viewport" content="width=device-wi...ice</span>\n      </footer>\n    </main>\n  </div>\n  <script src="/static/app.js" defer></script>\n</body>\n</html>\n'
E            +  where '<!doctype html>\n<html lang="ja">\n<head>\n  <meta charset="utf-8">\n  <meta name="viewport" content="width=device-wi...ice</span>\n      </footer>\n    </main>\n  </div>\n  <script src="/static/app.js" defer></script>\n</body>\n</html>\n' = <Response [200 OK]>.text

tests/test_webapp.py:18: AssertionError
=============================== warnings summary ===============================
../../../../../opt/hostedtoolcache/Python/3.11.15/x64/lib/python3.11/site-packages/fastapi/testclient.py:1
  /opt/hostedtoolcache/Python/3.11.15/x64/lib/python3.11/site-packages/fastapi/testclient.py:1: StarletteDeprecationWarning: Using `httpx` with `starlette.testclient` is deprecated; install `httpx2` instead.
    from starlette.testclient import TestClient as TestClient  # noqa

-- Docs: https://docs.pytest.org/en/stable/how-to/capture-warnings.html
=========================== short test summary info ============================
FAILED tests/test_webapp.py::test_dashboard_and_api_are_available - assert 'ARB OPS' in '<!doctype html>\n<html lang="ja">\n<head>\n  <meta charset="utf-8">\n  <meta name="viewport" content="width=device-wi...ice</span>\n      </footer>\n    </main>\n  </div>\n  <script src="/static/app.js" defer></script>\n</body>\n</html>\n'
 +  where '<!doctype html>\n<html lang="ja">\n<head>\n  <meta charset="utf-8">\n  <meta name="viewport" content="width=device-wi...ice</span>\n      </footer>\n    </main>\n  </div>\n  <script src="/static/app.js" defer></script>\n</body>\n</html>\n' = <Response [200 OK]>.text
1 failed, 17 passed, 1 warning in 0.79s
EXIT_CODE=1

===== py-compile =====
EXIT_CODE=0

===== docs-js =====
EXIT_CODE=0

===== dynamic-js =====
EXIT_CODE=0

